<html>
<head>
    <title>JOU</title>
</head>
<body>
    <h1>JOU</h1>
    <ul>

        <li>123 - chucho</li>

        <li>456 - faria</li>

    </ul>
</body>
</html>